$ operon new myapp

created myapp (application)

next steps:
  cd myapp
  operon run src/main.op     # (applications)
  operon test                # run the smoke test
  operon add <package>       # pull a dependency from the registry

$ cd myapp

$ cat operon.toml

# myapp — created by `operon new`

[package]
name = "myapp"
version = "0.1.0"
operon-version = "2.10.0"

[deps]

$ operon add http

resolved 'http' 0.1.0 via registry $SANDBOX/registry-home/index.jsonl (dir source, checksum d2d51013b893)
added 'http' (1 dep(s) locked)

$ operon add web

resolved 'web' 0.1.0 via registry $SANDBOX/registry-home/index.jsonl (dir source, checksum 2183858c7e53)
added 'web' (2 dep(s) locked)

$ operon tree

myapp 0.1.0
  http content registry:http
  web content registry:web
    http content (…)

$ cat operon.lock

# operon.lock, resolved dependencies (W23).
# Generated by `operon mod add/update/install`. Checked in; --locked fails on drift.
[[dep]]
name = "http"
git = "registry:http"
rev = "content-d2d51013b893606a"
checksum = "sha256:d2d51013b893606a37d0c952fb2e223e1868d73ec634df094304878bf5a32873"
version = "0.1.0"

[[dep]]
name = "web"
git = "registry:web"
rev = "content-2183858c7e531e39"
checksum = "sha256:2183858c7e531e3989fea43802e1b3d97f224a637a5c99a769581f357352290c"
version = "0.1.0"


$ cat src/app.op

# src/app.op: the two deps in action.
use web
use http

## A route handler: web hands it the match result (params + splat).
gene hello(hit) {
    return "hello, " + hit.params["name"]
}

gene main() {
    # pkg http: parse a raw request head into a plain map
    let req = http.http_request_parse("GET /hello/alice?q=1 HTTP/1.1\nHost: localhost\n\n")

    # pkg web: a router whose route table is plain data
    let r = web.web_router_new()
    web.web_route_add(r, "GET", "/hello/:name", hello)
    let hit = web.web_match(r, req.method, req.path)

    promote(hit.handler(hit))
    promote("q=" + req.query_map["q"])
}

$ operon run src/app.op

hello, alice
q=1

$ operon test

operon test, 1 file(s), 1 proof(s): 1 passed, 0 failed (2 assertion(s) exercised)

$ operon verify

ok http
ok web

